2025-04-12 19:08:02,590 INFO: MyApp started! [in D:\Proging\gr4416\app\__init__.py:31]
2025-04-12 19:08:17,094 ERROR: Exception on /login [GET] [in D:\Proging\gr4416\venv\lib\site-packages\flask\app.py:838]
Traceback (most recent call last):
  File "D:\Proging\gr4416\venv\lib\site-packages\flask\app.py", line 1473, in wsgi_app
    response = self.full_dispatch_request()
  File "D:\Proging\gr4416\venv\lib\site-packages\flask\app.py", line 882, in full_dispatch_request
    rv = self.handle_user_exception(e)
  File "D:\Proging\gr4416\venv\lib\site-packages\flask\app.py", line 880, in full_dispatch_request
    rv = self.dispatch_request()
  File "D:\Proging\gr4416\venv\lib\site-packages\flask\app.py", line 865, in dispatch_request
    return self.ensure_sync(self.view_functions[rule.endpoint])(**view_args)  # type: ignore[no-any-return]
  File "D:\Proging\gr4416\app\routes.py", line 66, in login
    return render_template('login.html', title="Âõîä", form=form)
  File "D:\Proging\gr4416\venv\lib\site-packages\flask\templating.py", line 149, in render_template
    template = app.jinja_env.get_or_select_template(template_name_or_list)
  File "D:\Proging\gr4416\venv\lib\site-packages\jinja2\environment.py", line 1087, in get_or_select_template
    return self.get_template(template_name_or_list, parent, globals)
  File "D:\Proging\gr4416\venv\lib\site-packages\jinja2\environment.py", line 1016, in get_template
    return self._load_template(name, globals)
  File "D:\Proging\gr4416\venv\lib\site-packages\jinja2\environment.py", line 975, in _load_template
    template = self.loader.load(self, name, self.make_globals(globals))
  File "D:\Proging\gr4416\venv\lib\site-packages\jinja2\loaders.py", line 138, in load
    code = environment.compile(source, name, filename)
  File "D:\Proging\gr4416\venv\lib\site-packages\jinja2\environment.py", line 771, in compile
    self.handle_exception(source=source_hint)
  File "D:\Proging\gr4416\venv\lib\site-packages\jinja2\environment.py", line 942, in handle_exception
    raise rewrite_traceback_stack(source=source)
  File "D:\Proging\gr4416\app\templates\login.html", line 22, in template
    <p>{{ form.submit(class_=’btn btn-secondary’) }}</p>
jinja2.exceptions.TemplateSyntaxError: unexpected char '’' at 825
